# n_sequences: 1
# max_seq_len: 1
# n_index_size: 1
# data_size: 4
# n_chars: 3
<U71> : "qq"
